Time
Retiring Vehicles Summed Across Technologies
New Vehicles
New Vehicles Demanded
Vehicles
Retiring Components Potential Energy Use Summed Across Fuels
New Components Potential Energy Use after Envelope Effects
Components Potential Energy Use
BAU New Vehicle Cost per Mile
BAU New Vehicles
BAU Required ZEV Sales Percentage by Subregion
BAU ZEV Sales Share Without ZEV Standard
Electricity Generation by Type Including Distributed Generation
Electricity Generation Capacity by Type Including Distributed Generation
Output Average Annual Marginal Dispatch Cost for Electricity
Total Electricity Demand
BAU Peak Electricity Load
Retiring Generation Capacity
Total Electricity Demand by Hour before Net Imports
Total Electricity Dispatched by Hour by Plant Type
Curtailed Variable Renewable Electricity by Hour
SHELF Days per Electricity Timeslice
BAU Fuel Production Imports and Exports
BAU Percent Change in Fuel Production from Calculated Fuel Demand
BAU Cargo Dist Transported by Vehicle Technology
