[11:19:27] === calibration round 'r2' on eps-us-calibration @ bcd444b3 from calibration/runs/base5.tab
[11:19:27] $ solve.py --tab calibration/runs/base5.tab --apply

sales projection check, LDVs (all cargo types) vs vehicle-sales-projection.csv:
  year     model  projection  ratio
  2025     16.5M       15.5M   1.07
  2026     16.1M       15.0M   1.07
  2027     16.6M       15.5M   1.07
  2030     17.6M       16.5M   1.07
  2035     18.3M       17.1M   1.07
  2040     17.9M       16.8M   1.07
  2045     17.4M       16.3M   1.07
  2050     16.7M       15.7M   1.07
   the share is a constant, so modelled sales follow demand growth; a diverging ratio is an
   input-consistency question (cargo distance, miles per vehicle), not a share calibration
group                     L handoff    flat ret      new@IT  share old  share new  step before  step after
LDVs / passenger         17    2042  15,613,900  15,684,001    0.05882    0.05261         0.4%        0.0%
    - pinned mode: sales = benchmark path every year; ANVCV carries the difference; early retirements 16.38M vs smoothed real cohort 12.63M
HDVs / passenger         12    2037      89,985     100,155    0.09000    0.08086        11.3%        0.0%
    - NO SALES HISTORY -> step-free criterion only; prompt the user to research a source
aircraft / passenger     24    2049         282         285    0.04160    0.04116         1.4%        0.4%
    - NO SALES HISTORY -> step-free criterion only; prompt the user to research a source
rail / passenger         34    2059          82          81    0.02900    0.02936        -1.2%        0.0%
    - NO SALES HISTORY -> step-free criterion only; prompt the user to research a source
ships / passenger        33    2058     385,001     376,017    0.02982    0.03053        -2.3%        0.0%
    - NO SALES HISTORY -> step-free criterion only; prompt the user to research a source
motorbikes / passenger   17    2042     544,780     541,779    0.05850    0.05882        -0.6%        0.0%
    - NO SALES HISTORY -> step-free criterion only; prompt the user to research a source
LDVs / freight           15    2040   1,597,910   1,409,145    0.05882    0.06635       -11.8%        0.0%
    - pinned mode: sales = benchmark path every year; ANVCV carries the difference; early retirements 1.73M vs smoothed real cohort 1.43M
HDVs / freight           20    2045     277,698     299,469    0.05263    0.04881         7.8%        0.0%
    - NO SALES HISTORY -> step-free criterion only; prompt the user to research a source
aircraft / freight       24    2049          39          27    0.02800    0.04044       -28.9%        2.6%
    - NO SALES HISTORY -> step-free criterion only; prompt the user to research a source
rail / freight           34    2059         722         728    0.02900    0.02876         0.8%        0.0%
    - NO SALES HISTORY -> step-free criterion only; prompt the user to research a source
ships / freight          33    2058           5           5    0.03030    0.03030         0.0%        0.0%
    - NO SALES HISTORY -> step-free criterion only; prompt the user to research a source
motorbikes / freight     17    2042           0           0    0.00000    0.00000         nan%        nan%
    - no modelled additions at IT - group skipped

chart: C:\Users\RobbieOrvis\Models\EPS Structure Research\eps-us-calibration\calibration\steps\01-trans-turnover\out\retirements.png
APPLIED

[11:20:49] run r2_verify1 done in 77s -> calibration/runs/r2_verify1.tab
[11:20:49] $ solve.py --tab calibration/runs/base5.tab --verify-tab calibration/runs/r2_verify1.tab

sales projection check, LDVs (all cargo types) vs vehicle-sales-projection.csv:
  year     model  projection  ratio
  2025     16.5M       15.5M   1.07
  2026     16.1M       15.0M   1.07
  2027     16.6M       15.5M   1.07
  2030     17.6M       16.5M   1.07
  2035     18.3M       17.1M   1.07
  2040     17.9M       16.8M   1.07
  2045     17.4M       16.3M   1.07
  2050     16.7M       15.7M   1.07
   the share is a constant, so modelled sales follow demand growth; a diverging ratio is an
   input-consistency question (cargo distance, miles per vehicle), not a share calibration
group                     L handoff    flat ret      new@IT  share old  share new  step before  step after
LDVs / passenger         17    2042  14,848,120  14,918,221    0.05261    0.04302         0.4%       -9.7%
    - pinned mode: sales = benchmark path every year; ANVCV carries the difference; early retirements 17.44M vs smoothed real cohort 12.63M
HDVs / passenger         12    2037      89,985     100,155    0.08086    0.07265        11.3%        0.0%
    - NO SALES HISTORY -> step-free criterion only; prompt the user to research a source
aircraft / passenger     24    2049         282         285    0.04116    0.04073         1.4%        0.4%
    - NO SALES HISTORY -> step-free criterion only; prompt the user to research a source
rail / passenger         34    2059          82          81    0.02936    0.02972        -1.2%        0.0%
    - NO SALES HISTORY -> step-free criterion only; prompt the user to research a source
ships / passenger        33    2058     385,001     376,017    0.03053    0.03126        -2.3%        0.0%
    - NO SALES HISTORY -> step-free criterion only; prompt the user to research a source
motorbikes / passenger   17    2042     544,780     541,779    0.05882    0.05915        -0.6%        0.0%
    - NO SALES HISTORY -> step-free criterion only; prompt the user to research a source
LDVs / freight           15    2040   1,462,395   1,273,630    0.06635    0.07519       -11.8%       -0.5%
    - pinned mode: sales = benchmark path every year; ANVCV carries the difference; early retirements 1.74M vs smoothed real cohort 1.43M
HDVs / freight           20    2045     277,698     299,469    0.04881    0.04526         7.8%        0.0%
    - NO SALES HISTORY -> step-free criterion only; prompt the user to research a source
aircraft / freight       24    2049          39          27    0.04044    0.05842       -28.9%        2.6%
    - NO SALES HISTORY -> step-free criterion only; prompt the user to research a source
rail / freight           34    2059         722         728    0.02876    0.02852         0.8%        0.0%
    - NO SALES HISTORY -> step-free criterion only; prompt the user to research a source
ships / freight          33    2058           5           5    0.03030    0.03030         0.0%        0.0%
    - NO SALES HISTORY -> step-free criterion only; prompt the user to research a source
motorbikes / freight     17    2042           0           0    0.00000    0.00000         nan%        nan%
    - no modelled additions at IT - group skipped

verification (model run after apply): step at handoff
  LDVs / passenger            -0.0%
  HDVs / passenger            +0.0%
  aircraft / passenger        +0.4%
  rail / passenger         handoff 2059 beyond run horizon - checked by projection only
  ships / passenger        handoff 2058 beyond run horizon - checked by projection only
  motorbikes / passenger      +0.0%
  LDVs / freight              -0.0%
  HDVs / freight              +0.0%
  aircraft / freight          +2.6%
  rail / freight           handoff 2059 beyond run horizon - checked by projection only
  ships / freight          handoff 2058 beyond run horizon - checked by projection only

chart: C:\Users\RobbieOrvis\Models\EPS Structure Research\eps-us-calibration\calibration\steps\01-trans-turnover\out\retirements.png
dry run - add --apply to write CSVs

[11:20:51] $ miles_per_vehicle.py --tab calibration/runs/base5.tab --tab2 calibration/runs/r2_verify1.tab

LDVs / passenger: implied miles per vehicle (distance / stock / loading) vs BAADTbVT
  year         A  ratio         B  ratio      file
  2025    10,562   1.00    10,629   1.01    10,518
  2026    10,630   1.01    10,764   1.03    10,488
  2027    10,705   1.02    10,911   1.04    10,461
  2030    10,769   1.05    11,195   1.09    10,237
  2035    10,613   1.09    11,411   1.17     9,767
  2040    10,293   1.09    11,436   1.21     9,440
  2045     9,859   1.07    11,332   1.23     9,195
  2050     9,493   1.04    11,515   1.27     9,092

LDVs / freight: implied miles per vehicle (distance / stock / loading) vs BAADTbVT
  year         A  ratio         B  ratio      file
  2025     9,869   1.01     9,795   1.00     9,797
  2026     9,921   1.01     9,772   1.00     9,782
  2027    10,026   1.03     9,800   1.00     9,778
  2030    10,391   1.07     9,919   1.02     9,714
  2035    11,108   1.15    10,179   1.05     9,658
  2040    11,828   1.19    10,497   1.06     9,911
  2045    11,974   1.19    10,859   1.08    10,040
  2050    12,139   1.18    11,656   1.14    10,246

HDVs / passenger: implied miles per vehicle (distance / stock / loading) vs BAADTbVT
  year         A  ratio         B  ratio      file
  2025    16,706   1.02    16,863   1.03    16,361
  2026    16,838   1.03    17,157   1.05    16,361
  2027    16,852   1.03    17,334   1.06    16,361
  2030    16,592   1.01    17,545   1.07    16,361
  2035    15,821   0.97    17,467   1.07    16,361
  2040    15,528   0.95    17,283   1.06    16,361
  2045    15,430   0.94    17,174   1.05    16,361
  2050    15,338   0.94    17,072   1.04    16,361

HDVs / freight: implied miles per vehicle (distance / stock / loading) vs BAADTbVT
  year         A  ratio         B  ratio      file
  2025    35,917   1.02    36,058   1.02    35,195
  2026    36,178   1.03    36,463   1.04    35,195
  2027    36,557   1.04    36,991   1.05    35,195
  2030    37,317   1.06    38,216   1.09    35,195
  2035    37,460   1.06    39,121   1.11    35,195
  2040    36,834   1.05    39,185   1.11    35,195
  2045    35,871   1.02    38,683   1.10    35,195
  2050    35,479   1.01    38,260   1.09    35,195

   a ratio far from 1 means the share + ANVCV choice has moved the stock away from the distance
   assumptions; fuel and emissions are unaffected (distance is exogenous), vehicle-count outputs are not

[11:20:51] $ solve.py --tab calibration/runs/r2_verify1.tab --apply
group                                     L handoff    flat ret      new@IT  share old  share new  step before  step after
urban residential / heating              19    2044   1.860e+14   2.091e+14    0.05263    0.04681        12.4%        0.0%
urban residential / cooling and ventilation 16    2041   6.089e+13   5.857e+13    0.06316    0.06565        -3.8%       -0.0%
urban residential / lighting              9    2034   1.693e+13   1.628e+13    0.10950    0.11384        -3.8%        0.0%
urban residential / appliances           14    2039   1.453e+14   1.424e+14    0.07100    0.07247        -2.0%        0.0%
urban residential / other component      15    2040   1.568e+14   1.592e+14    0.06600    0.06499         1.6%        0.0%
rural residential / heating              19    2044   4.276e+13   4.842e+13    0.05300    0.04681        13.2%        0.0%
rural residential / cooling and ventilation 16    2041   1.400e+13   1.346e+13    0.06316    0.06567        -3.8%        0.0%
rural residential / lighting              9    2034   3.891e+12   3.743e+12    0.10950    0.11385        -3.8%        0.0%
rural residential / appliances           14    2039   3.340e+13   3.273e+13    0.07100    0.07246        -2.0%       -0.0%
rural residential / other component      15    2040   3.604e+13   3.659e+13    0.06600    0.06500         1.5%        0.0%
commercial / heating                     19    2044   1.101e+14   1.181e+14    0.05263    0.04909         7.2%        0.0%
commercial / cooling and ventilation     16    2041   6.914e+13   7.577e+13    0.06316    0.05763         9.6%        0.0%
commercial / lighting                     9    2034   6.396e+13   6.182e+13    0.10950    0.11328        -3.3%       -0.0%
commercial / appliances                  14    2039   8.631e+13   8.627e+13    0.07100    0.07103        -0.0%       -0.0%
commercial / other component             15    2040   2.413e+14   2.445e+14    0.06600    0.06514         1.3%        0.0%

chart: C:\Users\RobbieOrvis\Models\EPS Structure Research\eps-us-calibration\calibration\steps\02-bldgs-turnover\out\retirements.png
APPLIED

[11:22:11] run r2_verify2 done in 77s -> calibration/runs/r2_verify2.tab
[11:22:11] $ solve.py --tab calibration/runs/r2_verify1.tab --verify-tab calibration/runs/r2_verify2.tab
group                                     L handoff    flat ret      new@IT  share old  share new  step before  step after
urban residential / heating              19    2044   1.860e+14   2.091e+14    0.04681    0.04163        12.4%        0.0%
urban residential / cooling and ventilation 16    2041   6.089e+13   5.857e+13    0.06565    0.06825        -3.8%       -0.0%
urban residential / lighting              9    2034   1.693e+13   1.628e+13    0.11384    0.11835        -3.8%        0.0%
urban residential / appliances           14    2039   1.453e+14   1.424e+14    0.07247    0.07396        -2.0%        0.0%
urban residential / other component      15    2040   1.568e+14   1.592e+14    0.06499    0.06400         1.6%        0.0%
rural residential / heating              19    2044   4.276e+13   4.842e+13    0.04681    0.04134        13.2%        0.0%
rural residential / cooling and ventilation 16    2041   1.400e+13   1.346e+13    0.06567    0.06828        -3.8%        0.0%
rural residential / lighting              9    2034   3.891e+12   3.743e+12    0.11385    0.11838        -3.8%        0.0%
rural residential / appliances           14    2039   3.340e+13   3.273e+13    0.07246    0.07395        -2.0%       -0.0%
rural residential / other component      15    2040   3.604e+13   3.659e+13    0.06500    0.06402         1.5%        0.0%
commercial / heating                     19    2044   1.101e+14   1.181e+14    0.04909    0.04579         7.2%        0.0%
commercial / cooling and ventilation     16    2041   6.914e+13   7.577e+13    0.05763    0.05258         9.6%        0.0%
commercial / lighting                     9    2034   6.396e+13   6.182e+13    0.11328    0.11719        -3.3%       -0.0%
commercial / appliances                  14    2039   8.631e+13   8.627e+13    0.07103    0.07107        -0.0%       -0.0%
commercial / other component             15    2040   2.413e+14   2.445e+14    0.06514    0.06428         1.3%        0.0%

verification (model run after apply): step at handoff
  urban residential / heating                 +0.0%
  urban residential / cooling and ventilation    +0.0%
  urban residential / lighting                +0.0%
  urban residential / appliances              +0.0%
  urban residential / other component         +0.0%
  rural residential / heating                 +0.0%
  rural residential / cooling and ventilation    +0.0%
  rural residential / lighting                +0.0%
  rural residential / appliances              +0.0%
  rural residential / other component         +0.0%
  commercial / heating                        +0.0%
  commercial / cooling and ventilation        +0.0%
  commercial / lighting                       +0.0%
  commercial / appliances                     +0.0%
  commercial / other component                +0.0%

chart: C:\Users\RobbieOrvis\Models\EPS Structure Research\eps-us-calibration\calibration\steps\02-bldgs-turnover\out\retirements.png
dry run - add --apply to write CSVs

[11:22:14] $ solve_base_year.py --tab calibration/runs/r2_verify2.tab --apply

== LDVs / passenger  (TTLE -8.0)  k-test max err 6.5e-03
   - k-test FAILED (max |model - logit| = 6.51e-03 > 1.0e-04): mandate or alignment issue - inversion not exact for this group
   - ZEV mandate binds at IT in 15 subregion(s), e.g. subregion5: share 0.062 < required 0.080; BAU overlay rescales sales there, so observed national share is not a pure logit
   - mandate correction applied: targets are pre-overlay shares scaled by this run's pure/realised ratio
   technology                  observed    target pure logit model run     w old     w new
   battery electric vehicle      0.0505    0.0455     0.0455              0.1812    0.1621
   natural gas vehicle           0.0001    0.0001     0.0001              0.0001    0.0001
   gasoline vehicle              0.9023    0.9082     0.9082              1.0000    1.0000
   diesel vehicle                0.0360    0.0363     0.0363              0.0679    0.0679
   plugin hybrid vehicle         0.0111    0.0100     0.0100              0.0140    0.0125
   LPG vehicle                   0.0000    0.0000     0.0000              0.0000    0.0000
   hydrogen vehicle              0.0000    0.0000     0.0000              0.0000    0.0000

== LDVs / freight  (TTLE -8.0)  k-test max err 7.2e-06
   technology                  observed    target pure logit model run     w old     w new
   battery electric vehicle      0.0576    0.0576     0.0576              0.3071    0.3073
   natural gas vehicle           0.0074    0.0074     0.0074              0.5935    0.5935
   gasoline vehicle              0.5732    0.5732     0.5732              0.9740    0.9740
   diesel vehicle                0.3612    0.3612     0.3612              1.0000    1.0000
   plugin hybrid vehicle         0.0005    0.0005     0.0005              0.0010    0.0010
   LPG vehicle                   0.0000    0.0000     0.0000              0.0013    0.0013
   hydrogen vehicle              0.0000    0.0000     0.0000              0.0000    0.0000

== HDVs / passenger  (TTLE -3.0)  k-test max err 1.8e-05
   technology                  observed    target pure logit model run     w old     w new
   battery electric vehicle      0.0721    0.0721     0.0721              0.1208    0.1208
   natural gas vehicle           0.0086    0.0086     0.0086              0.0153    0.0153
   gasoline vehicle              0.2423    0.2423     0.2423              0.3814    0.3814
   diesel vehicle                0.6403    0.6403     0.6403              1.0000    1.0000
   plugin hybrid vehicle         0.0000    0.0000     0.0000              0.0000    0.0000
   LPG vehicle                   0.0356    0.0356     0.0356              0.0552    0.0552
   hydrogen vehicle              0.0011    0.0011     0.0011              0.0020    0.0020

== HDVs / freight  (TTLE -8.0)  k-test max err 1.6e-05
   technology                  observed    target pure logit model run     w old     w new
   battery electric vehicle      0.0029    0.0029     0.0029              0.0049    0.0049
   natural gas vehicle           0.0196    0.0196     0.0196              0.0233    0.0233
   gasoline vehicle              0.0007    0.0007     0.0007              0.0007    0.0007
   diesel vehicle                0.9768    0.9768     0.9768              1.0000    1.0000
   plugin hybrid vehicle         0.0000    0.0000     0.0000              0.0000    0.0000
   LPG vehicle                   0.0000    0.0000     0.0000              0.0000    0.0000
   hydrogen vehicle              0.0000    0.0000     0.0000              0.0000    0.0000

== aircraft / passenger  (TTLE -6.0)  k-test max err 0.0e+00
   - no observed shares for IT in benchmarks/ - group left unchanged

== aircraft / freight  (TTLE -6.0)  k-test max err 0.0e+00
   - no observed shares for IT in benchmarks/ - group left unchanged

== rail / passenger  (TTLE -1.0)  k-test max err 9.8e-03
   - k-test within rounding only (9.8e-03; 82 vehicles/yr)
   - no observed shares for IT in benchmarks/ - group left unchanged

== rail / freight  (TTLE -1.0)  k-test max err 0.0e+00
   - no observed shares for IT in benchmarks/ - group left unchanged

== ships / passenger  (TTLE -6.0)  k-test max err 0.0e+00
   - no observed shares for IT in benchmarks/ - group left unchanged

== ships / freight  (TTLE -6.0)  k-test max err 0.0e+00
   - no observed shares for IT in benchmarks/ - group left unchanged

== motorbikes / passenger  (TTLE -8.0)  k-test max err 2.5e-06
   - no observed shares for IT in benchmarks/ - group left unchanged

== motorbikes / freight  (TTLE -8.0)  k-test max err nan
   - no BAU sales at IT; k-test skipped
   - no observed shares for IT in benchmarks/ - group left unchanged

APPLIED

[11:23:31] run r2_verify3 done in 77s -> calibration/runs/r2_verify3.tab
[11:23:31] $ solve_base_year.py --tab calibration/runs/r2_verify2.tab --verify-tab calibration/runs/r2_verify3.tab

== LDVs / passenger  (TTLE -8.0)  k-test max err 1.2e-02
   - k-test FAILED (max |model - logit| = 1.24e-02 > 1.0e-04): mandate or alignment issue - inversion not exact for this group
   - ZEV mandate binds at IT in 15 subregion(s), e.g. subregion5: share 0.062 < required 0.080; BAU overlay rescales sales there, so observed national share is not a pure logit
   - mandate correction applied: targets are pre-overlay shares scaled by this run's pure/realised ratio
   technology                  observed    target pure logit model run     w old     w new
   battery electric vehicle      0.0505    0.0409     0.0409    0.0529    0.1621    0.1450
   natural gas vehicle           0.0001    0.0001     0.0001    0.0001    0.0001    0.0001
   gasoline vehicle              0.9023    0.9135     0.9135    0.8995    1.0000    1.0000
   diesel vehicle                0.0360    0.0365     0.0365    0.0359    0.0679    0.0679
   plugin hybrid vehicle         0.0111    0.0090     0.0090    0.0116    0.0125    0.0112
   LPG vehicle                   0.0000    0.0000     0.0000    0.0000    0.0000    0.0000
   hydrogen vehicle              0.0000    0.0000     0.0000    0.0000    0.0000    0.0000

== LDVs / freight  (TTLE -8.0)  k-test max err 3.5e-05
   technology                  observed    target pure logit model run     w old     w new
   battery electric vehicle      0.0576    0.0576     0.0576    0.0576    0.3073    0.3073
   natural gas vehicle           0.0074    0.0074     0.0074    0.0074    0.5935    0.5935
   gasoline vehicle              0.5732    0.5732     0.5732    0.5732    0.9740    0.9740
   diesel vehicle                0.3612    0.3612     0.3612    0.3612    1.0000    1.0000
   plugin hybrid vehicle         0.0005    0.0005     0.0005    0.0005    0.0010    0.0010
   LPG vehicle                   0.0000    0.0000     0.0000    0.0000    0.0013    0.0013
   hydrogen vehicle              0.0000    0.0000     0.0000    0.0000    0.0000    0.0000

== HDVs / passenger  (TTLE -3.0)  k-test max err 1.8e-05
   technology                  observed    target pure logit model run     w old     w new
   battery electric vehicle      0.0721    0.0721     0.0721    0.0720    0.1208    0.1208
   natural gas vehicle           0.0086    0.0086     0.0086    0.0086    0.0153    0.0153
   gasoline vehicle              0.2423    0.2423     0.2423    0.2423    0.3814    0.3814
   diesel vehicle                0.6403    0.6403     0.6403    0.6404    1.0000    1.0000
   plugin hybrid vehicle         0.0000    0.0000     0.0000    0.0000    0.0000    0.0000
   LPG vehicle                   0.0356    0.0356     0.0356    0.0356    0.0552    0.0552
   hydrogen vehicle              0.0011    0.0011     0.0011    0.0011    0.0020    0.0020

== HDVs / freight  (TTLE -8.0)  k-test max err 1.6e-05
   technology                  observed    target pure logit model run     w old     w new
   battery electric vehicle      0.0029    0.0029     0.0029    0.0029    0.0049    0.0049
   natural gas vehicle           0.0196    0.0196     0.0196    0.0196    0.0233    0.0233
   gasoline vehicle              0.0007    0.0007     0.0007    0.0007    0.0007    0.0007
   diesel vehicle                0.9768    0.9768     0.9768    0.9768    1.0000    1.0000
   plugin hybrid vehicle         0.0000    0.0000     0.0000    0.0000    0.0000    0.0000
   LPG vehicle                   0.0000    0.0000     0.0000    0.0000    0.0000    0.0000
   hydrogen vehicle              0.0000    0.0000     0.0000    0.0000    0.0000    0.0000

== aircraft / passenger  (TTLE -6.0)  k-test max err 0.0e+00
   - no observed shares for IT in benchmarks/ - group left unchanged

== aircraft / freight  (TTLE -6.0)  k-test max err 0.0e+00
   - no observed shares for IT in benchmarks/ - group left unchanged

== rail / passenger  (TTLE -1.0)  k-test max err 9.8e-03
   - k-test within rounding only (9.8e-03; 82 vehicles/yr)
   - no observed shares for IT in benchmarks/ - group left unchanged

== rail / freight  (TTLE -1.0)  k-test max err 0.0e+00
   - no observed shares for IT in benchmarks/ - group left unchanged

== ships / passenger  (TTLE -6.0)  k-test max err 0.0e+00
   - no observed shares for IT in benchmarks/ - group left unchanged

== ships / freight  (TTLE -6.0)  k-test max err 0.0e+00
   - no observed shares for IT in benchmarks/ - group left unchanged

== motorbikes / passenger  (TTLE -8.0)  k-test max err 2.5e-06
   - no observed shares for IT in benchmarks/ - group left unchanged

== motorbikes / freight  (TTLE -8.0)  k-test max err nan
   - no BAU sales at IT; k-test skipped
   - no observed shares for IT in benchmarks/ - group left unchanged

dry run - add --apply to write TTS-*.csv

[11:23:32] $ solve_base_year.py --tab calibration/runs/r2_verify3.tab --apply

== LDVs / passenger  (TTLE -8.0)  k-test max err 8.7e-03
   - k-test FAILED (max |model - logit| = 8.69e-03 > 1.0e-04): mandate or alignment issue - inversion not exact for this group
   - ZEV mandate binds at IT in 15 subregion(s), e.g. subregion5: share 0.055 < required 0.080; BAU overlay rescales sales there, so observed national share is not a pure logit
   - mandate correction applied: targets are pre-overlay shares scaled by this run's pure/realised ratio
   technology                  observed    target pure logit model run     w old     w new
   battery electric vehicle      0.0505    0.0434     0.0434              0.1621    0.1544
   natural gas vehicle           0.0001    0.0001     0.0001              0.0001    0.0001
   gasoline vehicle              0.9023    0.9106     0.9106              1.0000    1.0000
   diesel vehicle                0.0360    0.0364     0.0364              0.0679    0.0679
   plugin hybrid vehicle         0.0111    0.0096     0.0096              0.0125    0.0119
   LPG vehicle                   0.0000    0.0000     0.0000              0.0000    0.0000
   hydrogen vehicle              0.0000    0.0000     0.0000              0.0000    0.0000

== LDVs / freight  (TTLE -8.0)  k-test max err 7.2e-06
   technology                  observed    target pure logit model run     w old     w new
   battery electric vehicle      0.0576    0.0576     0.0576              0.3073    0.3073
   natural gas vehicle           0.0074    0.0074     0.0074              0.5935    0.5935
   gasoline vehicle              0.5732    0.5732     0.5732              0.9740    0.9740
   diesel vehicle                0.3612    0.3612     0.3612              1.0000    1.0000
   plugin hybrid vehicle         0.0005    0.0005     0.0005              0.0010    0.0010
   LPG vehicle                   0.0000    0.0000     0.0000              0.0013    0.0013
   hydrogen vehicle              0.0000    0.0000     0.0000              0.0000    0.0000

== HDVs / passenger  (TTLE -3.0)  k-test max err 1.8e-05
   technology                  observed    target pure logit model run     w old     w new
   battery electric vehicle      0.0721    0.0721     0.0721              0.1208    0.1208
   natural gas vehicle           0.0086    0.0086     0.0086              0.0153    0.0153
   gasoline vehicle              0.2423    0.2423     0.2423              0.3814    0.3814
   diesel vehicle                0.6403    0.6403     0.6403              1.0000    1.0000
   plugin hybrid vehicle         0.0000    0.0000     0.0000              0.0000    0.0000
   LPG vehicle                   0.0356    0.0356     0.0356              0.0552    0.0552
   hydrogen vehicle              0.0011    0.0011     0.0011              0.0020    0.0020

== HDVs / freight  (TTLE -8.0)  k-test max err 1.6e-05
   technology                  observed    target pure logit model run     w old     w new
   battery electric vehicle      0.0029    0.0029     0.0029              0.0049    0.0049
   natural gas vehicle           0.0196    0.0196     0.0196              0.0233    0.0233
   gasoline vehicle              0.0007    0.0007     0.0007              0.0007    0.0007
   diesel vehicle                0.9768    0.9768     0.9768              1.0000    1.0000
   plugin hybrid vehicle         0.0000    0.0000     0.0000              0.0000    0.0000
   LPG vehicle                   0.0000    0.0000     0.0000              0.0000    0.0000
   hydrogen vehicle              0.0000    0.0000     0.0000              0.0000    0.0000

== aircraft / passenger  (TTLE -6.0)  k-test max err 0.0e+00
   - no observed shares for IT in benchmarks/ - group left unchanged

== aircraft / freight  (TTLE -6.0)  k-test max err 0.0e+00
   - no observed shares for IT in benchmarks/ - group left unchanged

== rail / passenger  (TTLE -1.0)  k-test max err 9.8e-03
   - k-test within rounding only (9.8e-03; 82 vehicles/yr)
   - no observed shares for IT in benchmarks/ - group left unchanged

== rail / freight  (TTLE -1.0)  k-test max err 0.0e+00
   - no observed shares for IT in benchmarks/ - group left unchanged

== ships / passenger  (TTLE -6.0)  k-test max err 0.0e+00
   - no observed shares for IT in benchmarks/ - group left unchanged

== ships / freight  (TTLE -6.0)  k-test max err 0.0e+00
   - no observed shares for IT in benchmarks/ - group left unchanged

== motorbikes / passenger  (TTLE -8.0)  k-test max err 2.5e-06
   - no observed shares for IT in benchmarks/ - group left unchanged

== motorbikes / freight  (TTLE -8.0)  k-test max err nan
   - no BAU sales at IT; k-test skipped
   - no observed shares for IT in benchmarks/ - group left unchanged

APPLIED

[11:24:47] run r2_verify3b done in 75s -> calibration/runs/r2_verify3b.tab
[11:24:47] $ solve_base_year.py --tab calibration/runs/r2_verify3.tab --verify-tab calibration/runs/r2_verify3b.tab

== LDVs / passenger  (TTLE -8.0)  k-test max err 1.1e-02
   - k-test FAILED (max |model - logit| = 1.11e-02 > 1.0e-04): mandate or alignment issue - inversion not exact for this group
   - ZEV mandate binds at IT in 15 subregion(s), e.g. subregion5: share 0.055 < required 0.080; BAU overlay rescales sales there, so observed national share is not a pure logit
   - mandate correction applied: targets are pre-overlay shares scaled by this run's pure/realised ratio
   technology                  observed    target pure logit model run     w old     w new
   battery electric vehicle      0.0505    0.0414     0.0414    0.0516    0.1544    0.1470
   natural gas vehicle           0.0001    0.0001     0.0001    0.0001    0.0001    0.0001
   gasoline vehicle              0.9023    0.9129     0.9129    0.9010    1.0000    1.0000
   diesel vehicle                0.0360    0.0365     0.0365    0.0360    0.0679    0.0679
   plugin hybrid vehicle         0.0111    0.0091     0.0091    0.0114    0.0119    0.0113
   LPG vehicle                   0.0000    0.0000     0.0000    0.0000    0.0000    0.0000
   hydrogen vehicle              0.0000    0.0000     0.0000    0.0000    0.0000    0.0000

== LDVs / freight  (TTLE -8.0)  k-test max err 7.2e-06
   technology                  observed    target pure logit model run     w old     w new
   battery electric vehicle      0.0576    0.0576     0.0576    0.0576    0.3073    0.3073
   natural gas vehicle           0.0074    0.0074     0.0074    0.0074    0.5935    0.5935
   gasoline vehicle              0.5732    0.5732     0.5732    0.5732    0.9740    0.9740
   diesel vehicle                0.3612    0.3612     0.3612    0.3612    1.0000    1.0000
   plugin hybrid vehicle         0.0005    0.0005     0.0005    0.0005    0.0010    0.0010
   LPG vehicle                   0.0000    0.0000     0.0000    0.0000    0.0013    0.0013
   hydrogen vehicle              0.0000    0.0000     0.0000    0.0000    0.0000    0.0000

== HDVs / passenger  (TTLE -3.0)  k-test max err 1.8e-05
   technology                  observed    target pure logit model run     w old     w new
   battery electric vehicle      0.0721    0.0721     0.0721    0.0720    0.1208    0.1208
   natural gas vehicle           0.0086    0.0086     0.0086    0.0086    0.0153    0.0153
   gasoline vehicle              0.2423    0.2423     0.2423    0.2423    0.3814    0.3814
   diesel vehicle                0.6403    0.6403     0.6403    0.6404    1.0000    1.0000
   plugin hybrid vehicle         0.0000    0.0000     0.0000    0.0000    0.0000    0.0000
   LPG vehicle                   0.0356    0.0356     0.0356    0.0356    0.0552    0.0552
   hydrogen vehicle              0.0011    0.0011     0.0011    0.0011    0.0020    0.0020

== HDVs / freight  (TTLE -8.0)  k-test max err 1.6e-05
   technology                  observed    target pure logit model run     w old     w new
   battery electric vehicle      0.0029    0.0029     0.0029    0.0029    0.0049    0.0049
   natural gas vehicle           0.0196    0.0196     0.0196    0.0196    0.0233    0.0233
   gasoline vehicle              0.0007    0.0007     0.0007    0.0007    0.0007    0.0007
   diesel vehicle                0.9768    0.9768     0.9768    0.9768    1.0000    1.0000
   plugin hybrid vehicle         0.0000    0.0000     0.0000    0.0000    0.0000    0.0000
   LPG vehicle                   0.0000    0.0000     0.0000    0.0000    0.0000    0.0000
   hydrogen vehicle              0.0000    0.0000     0.0000    0.0000    0.0000    0.0000

== aircraft / passenger  (TTLE -6.0)  k-test max err 0.0e+00
   - no observed shares for IT in benchmarks/ - group left unchanged

== aircraft / freight  (TTLE -6.0)  k-test max err 0.0e+00
   - no observed shares for IT in benchmarks/ - group left unchanged

== rail / passenger  (TTLE -1.0)  k-test max err 9.8e-03
   - k-test within rounding only (9.8e-03; 82 vehicles/yr)
   - no observed shares for IT in benchmarks/ - group left unchanged

== rail / freight  (TTLE -1.0)  k-test max err 0.0e+00
   - no observed shares for IT in benchmarks/ - group left unchanged

== ships / passenger  (TTLE -6.0)  k-test max err 0.0e+00
   - no observed shares for IT in benchmarks/ - group left unchanged

== ships / freight  (TTLE -6.0)  k-test max err 0.0e+00
   - no observed shares for IT in benchmarks/ - group left unchanged

== motorbikes / passenger  (TTLE -8.0)  k-test max err 2.5e-06
   - no observed shares for IT in benchmarks/ - group left unchanged

== motorbikes / freight  (TTLE -8.0)  k-test max err nan
   - no BAU sales at IT; k-test skipped
   - no observed shares for IT in benchmarks/ - group left unchanged

dry run - add --apply to write TTS-*.csv

[11:24:48] $ solve_base_year.py --tab calibration/runs/r2_verify3b.tab --apply

== LDVs / passenger  (TTLE -8.0)  k-test max err 9.6e-03
   - k-test FAILED (max |model - logit| = 9.58e-03 > 1.0e-04): mandate or alignment issue - inversion not exact for this group
   - ZEV mandate binds at IT in 15 subregion(s), e.g. subregion5: share 0.053 < required 0.080; BAU overlay rescales sales there, so observed national share is not a pure logit
   - mandate correction applied: targets are pre-overlay shares scaled by this run's pure/realised ratio
   technology                  observed    target pure logit model run     w old     w new
   battery electric vehicle      0.0505    0.0425     0.0425              0.1544    0.1509
   natural gas vehicle           0.0001    0.0001     0.0001              0.0001    0.0001
   gasoline vehicle              0.9023    0.9117     0.9117              1.0000    1.0000
   diesel vehicle                0.0360    0.0364     0.0364              0.0679    0.0679
   plugin hybrid vehicle         0.0111    0.0094     0.0094              0.0119    0.0116
   LPG vehicle                   0.0000    0.0000     0.0000              0.0000    0.0000
   hydrogen vehicle              0.0000    0.0000     0.0000              0.0000    0.0000

== LDVs / freight  (TTLE -8.0)  k-test max err 7.2e-06
   technology                  observed    target pure logit model run     w old     w new
   battery electric vehicle      0.0576    0.0576     0.0576              0.3073    0.3073
   natural gas vehicle           0.0074    0.0074     0.0074              0.5935    0.5935
   gasoline vehicle              0.5732    0.5732     0.5732              0.9740    0.9740
   diesel vehicle                0.3612    0.3612     0.3612              1.0000    1.0000
   plugin hybrid vehicle         0.0005    0.0005     0.0005              0.0010    0.0010
   LPG vehicle                   0.0000    0.0000     0.0000              0.0013    0.0013
   hydrogen vehicle              0.0000    0.0000     0.0000              0.0000    0.0000

== HDVs / passenger  (TTLE -3.0)  k-test max err 1.8e-05
   technology                  observed    target pure logit model run     w old     w new
   battery electric vehicle      0.0721    0.0721     0.0721              0.1208    0.1208
   natural gas vehicle           0.0086    0.0086     0.0086              0.0153    0.0153
   gasoline vehicle              0.2423    0.2423     0.2423              0.3814    0.3814
   diesel vehicle                0.6403    0.6403     0.6403              1.0000    1.0000
   plugin hybrid vehicle         0.0000    0.0000     0.0000              0.0000    0.0000
   LPG vehicle                   0.0356    0.0356     0.0356              0.0552    0.0552
   hydrogen vehicle              0.0011    0.0011     0.0011              0.0020    0.0020

== HDVs / freight  (TTLE -8.0)  k-test max err 1.6e-05
   technology                  observed    target pure logit model run     w old     w new
   battery electric vehicle      0.0029    0.0029     0.0029              0.0049    0.0049
   natural gas vehicle           0.0196    0.0196     0.0196              0.0233    0.0233
   gasoline vehicle              0.0007    0.0007     0.0007              0.0007    0.0007
   diesel vehicle                0.9768    0.9768     0.9768              1.0000    1.0000
   plugin hybrid vehicle         0.0000    0.0000     0.0000              0.0000    0.0000
   LPG vehicle                   0.0000    0.0000     0.0000              0.0000    0.0000
   hydrogen vehicle              0.0000    0.0000     0.0000              0.0000    0.0000

== aircraft / passenger  (TTLE -6.0)  k-test max err 0.0e+00
   - no observed shares for IT in benchmarks/ - group left unchanged

== aircraft / freight  (TTLE -6.0)  k-test max err 0.0e+00
   - no observed shares for IT in benchmarks/ - group left unchanged

== rail / passenger  (TTLE -1.0)  k-test max err 9.8e-03
   - k-test within rounding only (9.8e-03; 82 vehicles/yr)
   - no observed shares for IT in benchmarks/ - group left unchanged

== rail / freight  (TTLE -1.0)  k-test max err 0.0e+00
   - no observed shares for IT in benchmarks/ - group left unchanged

== ships / passenger  (TTLE -6.0)  k-test max err 0.0e+00
   - no observed shares for IT in benchmarks/ - group left unchanged

== ships / freight  (TTLE -6.0)  k-test max err 0.0e+00
   - no observed shares for IT in benchmarks/ - group left unchanged

== motorbikes / passenger  (TTLE -8.0)  k-test max err 2.5e-06
   - no observed shares for IT in benchmarks/ - group left unchanged

== motorbikes / freight  (TTLE -8.0)  k-test max err nan
   - no BAU sales at IT; k-test skipped
   - no observed shares for IT in benchmarks/ - group left unchanged

APPLIED

[11:25:59] run r2_verify3c done in 70s -> calibration/runs/r2_verify3c.tab
[11:25:59] $ solve_base_year.py --tab calibration/runs/r2_verify3b.tab --verify-tab calibration/runs/r2_verify3c.tab

== LDVs / passenger  (TTLE -8.0)  k-test max err 1.1e-02
   - k-test FAILED (max |model - logit| = 1.07e-02 > 1.0e-04): mandate or alignment issue - inversion not exact for this group
   - ZEV mandate binds at IT in 15 subregion(s), e.g. subregion5: share 0.053 < required 0.080; BAU overlay rescales sales there, so observed national share is not a pure logit
   - mandate correction applied: targets are pre-overlay shares scaled by this run's pure/realised ratio
   technology                  observed    target pure logit model run     w old     w new
   battery electric vehicle      0.0505    0.0416     0.0416    0.0510    0.1509    0.1476
   natural gas vehicle           0.0001    0.0001     0.0001    0.0001    0.0001    0.0001
   gasoline vehicle              0.9023    0.9127     0.9127    0.9017    1.0000    1.0000
   diesel vehicle                0.0360    0.0365     0.0365    0.0360    0.0679    0.0679
   plugin hybrid vehicle         0.0111    0.0092     0.0092    0.0112    0.0116    0.0114
   LPG vehicle                   0.0000    0.0000     0.0000    0.0000    0.0000    0.0000
   hydrogen vehicle              0.0000    0.0000     0.0000    0.0000    0.0000    0.0000

== LDVs / freight  (TTLE -8.0)  k-test max err 7.2e-06
   technology                  observed    target pure logit model run     w old     w new
   battery electric vehicle      0.0576    0.0576     0.0576    0.0576    0.3073    0.3073
   natural gas vehicle           0.0074    0.0074     0.0074    0.0074    0.5935    0.5935
   gasoline vehicle              0.5732    0.5732     0.5732    0.5732    0.9740    0.9740
   diesel vehicle                0.3612    0.3612     0.3612    0.3612    1.0000    1.0000
   plugin hybrid vehicle         0.0005    0.0005     0.0005    0.0005    0.0010    0.0010
   LPG vehicle                   0.0000    0.0000     0.0000    0.0000    0.0013    0.0013
   hydrogen vehicle              0.0000    0.0000     0.0000    0.0000    0.0000    0.0000

== HDVs / passenger  (TTLE -3.0)  k-test max err 1.8e-05
   technology                  observed    target pure logit model run     w old     w new
   battery electric vehicle      0.0721    0.0721     0.0721    0.0720    0.1208    0.1208
   natural gas vehicle           0.0086    0.0086     0.0086    0.0086    0.0153    0.0153
   gasoline vehicle              0.2423    0.2423     0.2423    0.2423    0.3814    0.3814
   diesel vehicle                0.6403    0.6403     0.6403    0.6404    1.0000    1.0000
   plugin hybrid vehicle         0.0000    0.0000     0.0000    0.0000    0.0000    0.0000
   LPG vehicle                   0.0356    0.0356     0.0356    0.0356    0.0552    0.0552
   hydrogen vehicle              0.0011    0.0011     0.0011    0.0011    0.0020    0.0020

== HDVs / freight  (TTLE -8.0)  k-test max err 1.6e-05
   technology                  observed    target pure logit model run     w old     w new
   battery electric vehicle      0.0029    0.0029     0.0029    0.0029    0.0049    0.0049
   natural gas vehicle           0.0196    0.0196     0.0196    0.0196    0.0233    0.0233
   gasoline vehicle              0.0007    0.0007     0.0007    0.0007    0.0007    0.0007
   diesel vehicle                0.9768    0.9768     0.9768    0.9768    1.0000    1.0000
   plugin hybrid vehicle         0.0000    0.0000     0.0000    0.0000    0.0000    0.0000
   LPG vehicle                   0.0000    0.0000     0.0000    0.0000    0.0000    0.0000
   hydrogen vehicle              0.0000    0.0000     0.0000    0.0000    0.0000    0.0000

== aircraft / passenger  (TTLE -6.0)  k-test max err 0.0e+00
   - no observed shares for IT in benchmarks/ - group left unchanged

== aircraft / freight  (TTLE -6.0)  k-test max err 0.0e+00
   - no observed shares for IT in benchmarks/ - group left unchanged

== rail / passenger  (TTLE -1.0)  k-test max err 9.8e-03
   - k-test within rounding only (9.8e-03; 82 vehicles/yr)
   - no observed shares for IT in benchmarks/ - group left unchanged

== rail / freight  (TTLE -1.0)  k-test max err 0.0e+00
   - no observed shares for IT in benchmarks/ - group left unchanged

== ships / passenger  (TTLE -6.0)  k-test max err 0.0e+00
   - no observed shares for IT in benchmarks/ - group left unchanged

== ships / freight  (TTLE -6.0)  k-test max err 0.0e+00
   - no observed shares for IT in benchmarks/ - group left unchanged

== motorbikes / passenger  (TTLE -8.0)  k-test max err 2.5e-06
   - no observed shares for IT in benchmarks/ - group left unchanged

== motorbikes / freight  (TTLE -8.0)  k-test max err nan
   - no BAU sales at IT; k-test skipped
   - no observed shares for IT in benchmarks/ - group left unchanged

dry run - add --apply to write TTS-*.csv

[11:25:59] $ check_conventions.py
Power-sector input conventions - eps-us-calibration, IT 2025, FT 2050

V1  PASS  no BHRaSYC capacity in Vintage2025 or later; last vintage column is Vintage2100
V2  PASS  BPMCCS 2025 column: natural gas combined cycle 1,695 MW, hydro 4 MW, onshore wind 6,086 MW, solar PV 26,834 MW, biomass 3 MW, petroleum 12 MW, natural gas peaker 2,885 MW
V3  PASS  every source banned in 2025
V4  WARN  multi-year-lead sources not banned through 2030: hard coal (banned through 2025); lignite (banned through 2025) - crisis prices in the trailing average can trigger merchant builds
V5  INFO  sources dispatching on SYSHECF curves (MCF edits do not reach them): nuclear, hydro, onshore wind, solar pv, solar thermal, biomass, geothermal, offshore wind, municipal solid waste, biomass w CCS, small modular reactor
V6  PASS  no dispatchable SYSHECF average-day curve exceeds its peak-day curve by >10% (VRE curves excluded)
V7  INFO  RAF != 1 (reaches dispatch, reliability credit AND retirement): hard coal 0.63, natural gas steam turbine 0.9, natural gas combined cycle 0.9, petroleum 0.8, natural gas peaker 0.8, lignite 0.6, hard coal w CCS 0.9, natural gas combined cycle w CCS 0.9, biomass w CCS 0.9, lignite w CCS 0.9, hydrogen combined cycle 0.9 | HYECFCA != 1 (fleet CF calibration that also scales entrant revenue): nuclear es 0.999, hydro es 0.977, onshore wind es 0.99, solar PV es 1, solar thermal es 0.936, biomass es 1, geothermal es 1, offshore wind es 1, municipal solid waste es 1
V8  INFO  BAU CES percentages non-zero for 29 subregion(s): Arizona, California, Colorado, Connecticut, Delaware, Hawaii, Illinois, Iowa, Maine, Maryland, Massachusetts, Michigan ... - confirm none of these sit on top of a mandated plan buildout
V9  INFO  last year with mandated retirements: hard coal 2045, natural gas steam turbine 2045, natural gas combined cycle 2045, nuclear 2034, hydro 2047, onshore wind 2050, solar pv 2049, biomass 2034, geothermal 2026, petroleum 2045, natural gas peaker 2050, municipal solid waste 2037 | schedules ending >5 years before FT (fleet then flat unless economic retirement acts): nuclear, biomass, geothermal, municipal solid waste

0 FAIL, 1 WARN

[11:26:00] $ compare_benchmarks.py --tab calibration/runs/r2_verify3c.tab

=== 2025 ===
source                              cap model  cap bench  ratio  gen model  gen bench  ratio CF model CF bench
biomass                                 3,824     11,362   0.34     16,850     40,921   0.41    0.503    0.411
geothermal                              2,678      2,696   0.99     15,642     15,669   1.00    0.667    0.664
hard coal                             170,984    172,164   0.99    738,071    737,151   1.00    0.493    0.489
hydro                                  79,592     79,894   1.00    239,130    247,023   0.97    0.343    0.353
municipal solid waste                     979          -      -      6,208      5,266   1.18    0.724        -
natural gas (all)                     492,928    508,575   0.97  1,749,552  1,807,338   0.97    0.405    0.406
natural gas combined cycle            286,670    291,872   0.98  1,485,260          -      -    0.591        -
natural gas other (ST+IC)              71,876     82,858   0.87    120,671          -      -    0.192        -
natural gas peaker                    134,382    133,844   1.00    143,621          -      -    0.122        -
nuclear                                98,391     98,452   1.00    785,304    784,781   1.00    0.911    0.910
onshore wind                          158,593    154,869   1.02    462,959    464,391   1.00    0.333    0.342
petroleum                              26,480     28,060   0.94     18,064     19,259   0.94    0.078    0.078
solar PV                              214,478    190,992   1.12    390,921    385,965   1.01    0.208    0.231
solar thermal                           1,392      1,392   1.00      2,855      2,855   1.00    0.234    0.234
total generation                                                 4,426,279  4,522,650   0.98
wholesale price                          42.0        nan

chart: C:\Users\RobbieOrvis\Models\EPS Structure Research\eps-us-calibration\calibration\steps\04-power-sector\out\generation_2025.png

[11:26:01] $ run_loop.py --seed calibration/runs/r2_verify3c.tab --tolerance 0.02 --max-passes 6
industry                                          2025    2030    2035    2040    2045    2050
coal mining 05                                    9.8%   15.3%   25.6%   13.5%    7.6%    5.1%
oil and gas extraction 06                        -0.5%   -1.8%   -3.0%   -6.7%   -8.4%  -11.0%
refined petroleum and coke 19                    -2.6%   -2.7%   -3.1%   -6.6%  -10.4%  -10.0%
energy pipelines and gas processing 352T353      -0.9%   -3.8%   -6.4%  -14.5%  -18.2%  -23.1%

max |percent change| = 28.0%  (tolerance 2%) -> not converged

rows the seed run changed (filter 2) among the adjustment-relevant rows (filter 1):
  production hard coal                26 yrs differ; largest 2034: input 6.751e+15 -> balanced 8.871e+15 (+31.4%)
  production natural gas              26 yrs differ; largest 2050: input 5.334e+16 -> balanced 4.463e+16 (-16.3%)
  production petroleum gasoline       26 yrs differ; largest 2050: input 1.647e+16 -> balanced 1.065e+16 (-35.3%)
  production petroleum diesel         26 yrs differ; largest 2038: input 9.918e+15 -> balanced 1.258e+16 (+26.9%)
  production jet fuel or kerosene     26 yrs differ; largest 2025: input 3.774e+15 -> balanced 2.297e+15 (-39.1%)
  production lignite                  26 yrs differ; largest 2049: input 3.264e+14 -> balanced 1.285e+14 (-60.6%)
  production LPG propane or butane    26 yrs differ; largest 2042: input 1.250e+16 -> balanced 1.087e+16 (-13.0%)

APPLIED - re-run the model and call this step again

pass 1: running bfpiae1 ...
note: bfpiae1.tab: single-valued variables (constants, or missing from SAVELIST): ['SHELF Days per Electricity Timeslice']
  done in 69s -> calibration\runs\bfpiae1.tab
industry                                          2025    2030    2035    2040    2045    2050
coal mining 05                                    0.0%    0.0%    0.1%    0.1%    0.1%    0.1%
oil and gas extraction 06                         0.0%    0.2%    0.4%    0.9%    1.4%    1.7%
refined petroleum and coke 19                     0.2%    0.4%    0.7%    0.9%    1.1%    1.4%
energy pipelines and gas processing 352T353       0.0%    0.5%    1.0%    2.2%    3.3%    4.2%

max |percent change| = 4.2%  (tolerance 2%) -> not converged

rows the seed run changed (filter 2) among the adjustment-relevant rows (filter 1):
  production hard coal                25 yrs differ; largest 2045: input 6.648e+15 -> balanced 6.656e+15 (+0.1%)
  production natural gas              25 yrs differ; largest 2050: input 4.463e+16 -> balanced 4.585e+16 (+2.7%)
  production petroleum gasoline        1 yrs differ; largest 2040: input 1.349e+16 -> balanced 1.349e+16 (-0.0%)
  production petroleum diesel         25 yrs differ; largest 2050: input 1.211e+16 -> balanced 1.215e+16 (+0.4%)
  production jet fuel or kerosene      2 yrs differ; largest 2033: input 2.544e+15 -> balanced 2.544e+15 (-0.0%)
  production lignite                  25 yrs differ; largest 2050: input 1.246e+14 -> balanced 1.241e+14 (-0.4%)
  production LPG propane or butane     1 yrs differ; largest 2026: input 8.735e+15 -> balanced 8.736e+15 (+0.0%)

APPLIED - re-run the model and call this step again

pass 2: running bfpiae2 ...
note: bfpiae2.tab: single-valued variables (constants, or missing from SAVELIST): ['SHELF Days per Electricity Timeslice']
  done in 74s -> calibration\runs\bfpiae2.tab
industry                                          2025    2030    2035    2040    2045    2050
coal mining 05                                    0.0%   -0.0%    0.0%    0.0%    0.0%    0.0%
oil and gas extraction 06                         0.0%   -0.0%   -0.0%   -0.1%   -0.2%   -0.2%
refined petroleum and coke 19                     0.2%    0.4%    0.7%    0.9%    1.0%    1.2%
energy pipelines and gas processing 352T353       0.0%   -0.0%   -0.1%   -0.2%   -0.4%   -0.5%

max |percent change| = 1.2%  (tolerance 2%) -> CONVERGED

rows the seed run changed (filter 2) among the adjustment-relevant rows (filter 1):
  production hard coal                24 yrs differ; largest 2050: input 6.101e+15 -> balanced 6.102e+15 (+0.0%)
  production natural gas              24 yrs differ; largest 2050: input 4.585e+16 -> balanced 4.569e+16 (-0.4%)
  production petroleum gasoline        1 yrs differ; largest 2040: input 1.349e+16 -> balanced 1.349e+16 (-0.0%)
  production petroleum diesel         24 yrs differ; largest 2050: input 1.215e+16 -> balanced 1.215e+16 (-0.1%)
  production jet fuel or kerosene      2 yrs differ; largest 2033: input 2.544e+15 -> balanced 2.544e+15 (-0.0%)
  production lignite                  23 yrs differ; largest 2050: input 1.241e+14 -> balanced 1.242e+14 (+0.1%)

APPLIED - re-run the model and call this step again

converged on the seed of pass 3 (max |%| 1.2%); inputs already written = balanced values
LOOP_DONE

[11:30:13] run r2_final done in 109s -> calibration/runs/r2_final.tab
[11:30:13] $ diff_runs.py --a calibration/runs/r2_verify3c.tab --b calibration/runs/r2_final.tab
  year  total gen    price   largest source change
  2025     +0.00%   +0.00%   +0.00% 
  2030     +0.03%   +0.02%   +0.15% natural gas peaker es
  2035     +0.07%   +0.02%   +0.91% natural gas steam turbine es
  2040     +0.18%   -0.04%   +0.86% natural gas steam turbine es
  2045     +0.28%   -0.10%   +1.20% onshore wind es
  2050     +0.32%   -0.10%   +1.16% onshore wind es

second 4 -> 5 pass not needed (historical years through 2025; tolerances gen 0.5%, price 1%)

[11:30:14] $ compare_benchmarks.py --tab calibration/runs/r2_final.tab

=== 2025 ===
source                              cap model  cap bench  ratio  gen model  gen bench  ratio CF model CF bench
biomass                                 3,824     11,362   0.34     16,850     40,921   0.41    0.503    0.411
geothermal                              2,678      2,696   0.99     15,642     15,669   1.00    0.667    0.664
hard coal                             170,984    172,164   0.99    738,071    737,151   1.00    0.493    0.489
hydro                                  79,592     79,894   1.00    239,130    247,023   0.97    0.343    0.353
municipal solid waste                     979          -      -      6,208      5,266   1.18    0.724        -
natural gas (all)                     492,928    508,575   0.97  1,749,552  1,807,338   0.97    0.405    0.406
natural gas combined cycle            286,670    291,872   0.98  1,485,260          -      -    0.591        -
natural gas other (ST+IC)              71,876     82,858   0.87    120,671          -      -    0.192        -
natural gas peaker                    134,382    133,844   1.00    143,621          -      -    0.122        -
nuclear                                98,391     98,452   1.00    785,304    784,781   1.00    0.911    0.910
onshore wind                          158,593    154,869   1.02    462,959    464,391   1.00    0.333    0.342
petroleum                              26,480     28,060   0.94     18,064     19,259   0.94    0.078    0.078
solar PV                              214,478    190,992   1.12    390,921    385,965   1.01    0.208    0.231
solar thermal                           1,392      1,392   1.00      2,855      2,855   1.00    0.234    0.234
total generation                                                 4,426,279  4,522,650   0.98
wholesale price                          42.0        nan

chart: C:\Users\RobbieOrvis\Models\EPS Structure Research\eps-us-calibration\calibration\steps\04-power-sector\out\generation_2025.png

[11:30:17] $ miles_per_vehicle.py --tab calibration/runs/base5.tab --tab2 calibration/runs/r2_final.tab

LDVs / passenger: implied miles per vehicle (distance / stock / loading) vs BAADTbVT
  year         A  ratio         B  ratio      file
  2025    10,562   1.00    10,629   1.01    10,518
  2026    10,630   1.01    10,764   1.03    10,488
  2027    10,705   1.02    10,911   1.04    10,461
  2030    10,769   1.05    11,195   1.09    10,237
  2035    10,613   1.09    11,411   1.17     9,767
  2040    10,293   1.09    11,436   1.21     9,440
  2045     9,859   1.07    11,332   1.23     9,195
  2050     9,493   1.04    11,515   1.27     9,092

LDVs / freight: implied miles per vehicle (distance / stock / loading) vs BAADTbVT
  year         A  ratio         B  ratio      file
  2025     9,869   1.01     9,795   1.00     9,797
  2026     9,921   1.01     9,772   1.00     9,782
  2027    10,026   1.03     9,800   1.00     9,778
  2030    10,391   1.07     9,919   1.02     9,714
  2035    11,108   1.15    10,179   1.05     9,658
  2040    11,828   1.19    10,497   1.06     9,911
  2045    11,974   1.19    10,859   1.08    10,040
  2050    12,139   1.18    11,656   1.14    10,246

HDVs / passenger: implied miles per vehicle (distance / stock / loading) vs BAADTbVT
  year         A  ratio         B  ratio      file
  2025    16,706   1.02    16,863   1.03    16,361
  2026    16,838   1.03    17,157   1.05    16,361
  2027    16,852   1.03    17,334   1.06    16,361
  2030    16,592   1.01    17,545   1.07    16,361
  2035    15,821   0.97    17,467   1.07    16,361
  2040    15,528   0.95    17,283   1.06    16,361
  2045    15,430   0.94    17,174   1.05    16,361
  2050    15,338   0.94    17,072   1.04    16,361

HDVs / freight: implied miles per vehicle (distance / stock / loading) vs BAADTbVT
  year         A  ratio         B  ratio      file
  2025    35,917   1.02    36,058   1.02    35,195
  2026    36,178   1.03    36,463   1.04    35,195
  2027    36,557   1.04    36,991   1.05    35,195
  2030    37,317   1.06    38,216   1.09    35,195
  2035    37,460   1.06    39,121   1.11    35,195
  2040    36,834   1.05    39,184   1.11    35,195
  2045    35,871   1.02    38,683   1.10    35,195
  2050    35,479   1.01    38,260   1.09    35,195

   a ratio far from 1 means the share + ANVCV choice has moved the stock away from the distance
   assumptions; fuel and emissions are unaffected (distance is exogenous), vehicle-count outputs are not

[11:30:17] === round 'r2' complete; final export calibration/runs/r2_final.tab. Next: py calibration/sync_workbooks.py --dry, then without --dry
