BAU New Vehicle Cost per Mile[LDVs,passenger,battery electric vehicle]
BAU New Vehicle Cost per Mile[LDVs,passenger,natural gas vehicle]
BAU New Vehicle Cost per Mile[LDVs,passenger,gasoline vehicle]
BAU New Vehicle Cost per Mile[LDVs,passenger,diesel vehicle]
BAU New Vehicle Cost per Mile[LDVs,passenger,plugin hybrid vehicle]
BAU New Vehicle Cost per Mile[LDVs,passenger,LPG vehicle]
BAU New Vehicle Cost per Mile[LDVs,passenger,hydrogen vehicle]
BAU New Vehicle Cost per Mile[LDVs,freight,battery electric vehicle]
BAU New Vehicle Cost per Mile[LDVs,freight,natural gas vehicle]
BAU New Vehicle Cost per Mile[LDVs,freight,gasoline vehicle]
BAU New Vehicle Cost per Mile[LDVs,freight,diesel vehicle]
BAU New Vehicle Cost per Mile[LDVs,freight,plugin hybrid vehicle]
BAU New Vehicle Cost per Mile[LDVs,freight,LPG vehicle]
BAU New Vehicle Cost per Mile[LDVs,freight,hydrogen vehicle]
BAU New Vehicle Cost per Mile[HDVs,passenger,battery electric vehicle]
BAU New Vehicle Cost per Mile[HDVs,passenger,natural gas vehicle]
BAU New Vehicle Cost per Mile[HDVs,passenger,gasoline vehicle]
BAU New Vehicle Cost per Mile[HDVs,passenger,diesel vehicle]
BAU New Vehicle Cost per Mile[HDVs,passenger,plugin hybrid vehicle]
BAU New Vehicle Cost per Mile[HDVs,passenger,LPG vehicle]
BAU New Vehicle Cost per Mile[HDVs,passenger,hydrogen vehicle]
BAU New Vehicle Cost per Mile[HDVs,freight,battery electric vehicle]
BAU New Vehicle Cost per Mile[HDVs,freight,natural gas vehicle]
BAU New Vehicle Cost per Mile[HDVs,freight,gasoline vehicle]
BAU New Vehicle Cost per Mile[HDVs,freight,diesel vehicle]
BAU New Vehicle Cost per Mile[HDVs,freight,plugin hybrid vehicle]
BAU New Vehicle Cost per Mile[HDVs,freight,LPG vehicle]
BAU New Vehicle Cost per Mile[HDVs,freight,hydrogen vehicle]
BAU New Vehicles Demanded[LDVs,passenger]
BAU New Vehicles Demanded[LDVs,freight]
BAU New Vehicles Demanded[HDVs,passenger]
BAU New Vehicles Demanded[HDVs,freight]
