Industrial Fuel Use for Energy Purposes before CCS and Methane Capture
Transportation Sector Fuel Used
Electricity Generation Capacity by Type Including Distributed Generation
Electricity Generation by Type Including Distributed Generation
Electricity Generation by Type
Electricity Generation Capacity
BAU Cargo Dist Transported
Output Total CO2e Emissions
LULUCF Anthropogenic Pollutant Emissions
New Vehicles
Annual Output from Distributed Electricity Capacity
BIFUbC BAU Industrial Fuel Use before CCS
Output Energy Related CO2 Emissions by Sector
Output Energy Related CO2 Emissions from Agriculture
Output Energy Related CO2 Emissions from Waste Management
Direct Buildings Pollutant Emissions
Transportation Pollutant Emissions Disaggregated
Industrial Sector Energy Related Emissions before CCS
Electricity Sector Pollutant Emissions
BCEU BAU Components Energy Use
Output Process Emissions in CO2e by Industry
Output Total CO2e Emissions by Sector
Output Electricity Generation Capacity
Output Electricity Generation by Type
