Transportation Pollutant Emissions Disaggregated
Transportation Sector Pollutant Emissions
Electricity Sector Pollutant Emissions
Buildings Sector Pollutant Emissions
Process Emissions before CCS
Industrial Energy Related Emissions Excluding Fuels to Power CCS
Industrial Sector Pollutant Emissions
Output Total CO2e Emissions by Sector[transportation sector]
Output Total CO2e Emissions by Sector[electricity sector]
Output Total CO2e Emissions by Sector[district heat and hydrogen sector]
Output Total CO2e Emissions by Sector[LULUCF sector]
Output Total CO2e Emissions by Sector[geoengineering sector]
Output Industry Sector Process Emissions in CO2e Excluding Ag and Waste
Output Industry Sector Energy Related CO2e Emissions Excluding Ag and Waste
Output Agriculture CO2e Emissions
Output Waste Management CO2e Emissions
Output Buildings Sector CO2e Emissions
Electricity Generation by Type Including Distributed Generation
Total Pollutant Emissions by Sector
BAU Direct Components Pollutant Emissions
Output Total CO2e Emissions by Sector