Achieved Capacity Factors
BAU Achieved Capacity Factors
BAU Cargo Dist Transported
BAU Electricity Generation Capacity
BAU Electricity Generation by Type
BAU Electricity Generation by Type Including Distributed Generation
BAU Gross Domestic Product by ISIC Code
BAU Hydrogen Produced by Pathway
BAU New Generation Capacity
BAU New Grid Battery Capacity
BAU New Hybrid Grid Battery Storage Capacity
BAU New Off Grid Capacity for Green Hydrogen Demand
BAU New Vehicles
BAU This Year Pretax Electricity Price by Sector
BAU Pretax Fuel Price by Sector
BAU Retiring Generation Capacity
BAU This Year Increase in Distributed Electricity Source Capacity
BCEU BAU Components Energy Use
BDESC BAU Distributed Electricity Source Capacity
BIFUbC BAU Industrial Fuel Use before CCS
BPMGBSA BAU Policy Mandated Grid Battery Storage Additions
Change in Average Household Transportation Energy Expenditures
Change in Average Household Building Energy Expenditures
Change in Domestic Jobs after Productivity Effects by ISIC Code
Direct Buildings Pollutant Emissions
Direct Change in Energy Expenditures by Entity
Distributed Electricity Source Capacity
Electricity Generation Capacity
Electricity Generation by Type
Electricity Generation by Type Including Distributed Generation
Electricity Generation Capacity by Type Including Distributed Generation
Electricity Sector Pollutant Emissions
Gross Domestic Product by ISIC Code
Hydrogen Produced by Pathway
Industrial Fuel Use for Energy Purposes before CCS and Methane Capture
Industrial Sector Energy Related Emissions before CCS
Monetized Benefit from Avoided Health Outcomes
Monetized Benefit from Avoided Premature Mortality
New Grid Battery Capacity
New Vehicles
New and Retrofit Generation Capacity
New Hybrid Grid Battery Storage Capacity
New Off Grid Capacity for Green Hydrogen Demand
Output Change in Distributed Solar Capacity
Output Change in Capacity for Green Hydrogen Demand
Output Change in Electricity Generation Capacity
Output Change in GDP
Output Change in Grid Battery Storage Capacity
Output Energy Related CO2 Emissions by Sector
Output Energy Related CO2e Emissions
Output Perc Change in GDP
Output Total CO2e Emissions
Output Total Pollutant Emissions by Sector in MMT
Output Transportation Sector Fuel Used by Fuel
Policy Mandated Grid Battery Storage Additions
Policy Driven Change in Fuel Price This Year
Pretax Fuel Cost per Unit Energy by Sector after Fuel Price Deregulation
Reduction in Negative Health Outcomes
Retiring Generation Capacity
This Year Change in Distributed Electricity Source Capacity
This Year Pretax Electricity Price by Sector
Total Change in Average Household Energy Expenditures
Total Electricity Demand
Transportation Pollutant Emissions Disaggregated
Transportation Sector Fuel Used
